Archive member included to satisfy reference by file (symbol)

/opt/st/stm32cubeide_1.19.0/plugins/com.st.stm32cube.ide.mcu.externaltools.gnu-tools-for-stm32.13.3.rel1.linux64_1.0.0.202410170706/tools/bin/../lib/gcc/arm-none-eabi/13.3.1/../../../../arm-none-eabi/lib/thumb/v7e-m+dp/hard/libc_nano.a(libc_a-exit.o)
                              /opt/st/stm32cubeide_1.19.0/plugins/com.st.stm32cube.ide.mcu.externaltools.gnu-tools-for-stm32.13.3.rel1.linux64_1.0.0.202410170706/tools/bin/../lib/gcc/arm-none-eabi/13.3.1/../../../../arm-none-eabi/lib/thumb/v7e-m+dp/hard/crt0.o (exit)
/opt/st/stm32cubeide_1.19.0/plugins/com.st.stm32cube.ide.mcu.externaltools.gnu-tools-for-stm32.13.3.rel1.linux64_1.0.0.202410170706/tools/bin/../lib/gcc/arm-none-eabi/13.3.1/../../../../arm-none-eabi/lib/thumb/v7e-m+dp/hard/libc_nano.a(libc_a-malloc.o)
                              ./platform/pubsub.o (malloc)
/opt/st/stm32cubeide_1.19.0/plugins/com.st.stm32cube.ide.mcu.externaltools.gnu-tools-for-stm32.13.3.rel1.linux64_1.0.0.202410170706/tools/bin/../lib/gcc/arm-none-eabi/13.3.1/../../../../arm-none-eabi/lib/thumb/v7e-m+dp/hard/libc_nano.a(libc_a-mallocr.o)
                              /opt/st/stm32cubeide_1.19.0/plugins/com.st.stm32cube.ide.mcu.externaltools.gnu-tools-for-stm32.13.3.rel1.linux64_1.0.0.202410170706/tools/bin/../lib/gcc/arm-none-eabi/13.3.1/../../../../arm-none-eabi/lib/thumb/v7e-m+dp/hard/libc_nano.a(libc_a-malloc.o) (_malloc_r)
/opt/st/stm32cubeide_1.19.0/plugins/com.st.stm32cube.ide.mcu.externaltools.gnu-tools-for-stm32.13.3.rel1.linux64_1.0.0.202410170706/tools/bin/../lib/gcc/arm-none-eabi/13.3.1/../../../../arm-none-eabi/lib/thumb/v7e-m+dp/hard/libc_nano.a(libc_a-mlock.o)
                              /opt/st/stm32cubeide_1.19.0/plugins/com.st.stm32cube.ide.mcu.externaltools.gnu-tools-for-stm32.13.3.rel1.linux64_1.0.0.202410170706/tools/bin/../lib/gcc/arm-none-eabi/13.3.1/../../../../arm-none-eabi/lib/thumb/v7e-m+dp/hard/libc_nano.a(libc_a-mallocr.o) (__malloc_lock)
/opt/st/stm32cubeide_1.19.0/plugins/com.st.stm32cube.ide.mcu.externaltools.gnu-tools-for-stm32.13.3.rel1.linux64_1.0.0.202410170706/tools/bin/../lib/gcc/arm-none-eabi/13.3.1/../../../../arm-none-eabi/lib/thumb/v7e-m+dp/hard/libc_nano.a(libc_a-findfp.o)
                              /opt/st/stm32cubeide_1.19.0/plugins/com.st.stm32cube.ide.mcu.externaltools.gnu-tools-for-stm32.13.3.rel1.linux64_1.0.0.202410170706/tools/bin/../lib/gcc/arm-none-eabi/13.3.1/../../../../arm-none-eabi/lib/thumb/v7e-m+dp/hard/libc_nano.a(libc_a-exit.o) (__stdio_exit_handler)
/opt/st/stm32cubeide_1.19.0/plugins/com.st.stm32cube.ide.mcu.externaltools.gnu-tools-for-stm32.13.3.rel1.linux64_1.0.0.202410170706/tools/bin/../lib/gcc/arm-none-eabi/13.3.1/../../../../arm-none-eabi/lib/thumb/v7e-m+dp/hard/libc_nano.a(libc_a-fwalk.o)
                              /opt/st/stm32cubeide_1.19.0/plugins/com.st.stm32cube.ide.mcu.externaltools.gnu-tools-for-stm32.13.3.rel1.linux64_1.0.0.202410170706/tools/bin/../lib/gcc/arm-none-eabi/13.3.1/../../../../arm-none-eabi/lib/thumb/v7e-m+dp/hard/libc_nano.a(libc_a-findfp.o) (_fwalk_sglue)
/opt/st/stm32cubeide_1.19.0/plugins/com.st.stm32cube.ide.mcu.externaltools.gnu-tools-for-stm32.13.3.rel1.linux64_1.0.0.202410170706/tools/bin/../lib/gcc/arm-none-eabi/13.3.1/../../../../arm-none-eabi/lib/thumb/v7e-m+dp/hard/libc_nano.a(libc_a-stdio.o)
                              /opt/st/stm32cubeide_1.19.0/plugins/com.st.stm32cube.ide.mcu.externaltools.gnu-tools-for-stm32.13.3.rel1.linux64_1.0.0.202410170706/tools/bin/../lib/gcc/arm-none-eabi/13.3.1/../../../../arm-none-eabi/lib/thumb/v7e-m+dp/hard/libc_nano.a(libc_a-findfp.o) (__sread)
/opt/st/stm32cubeide_1.19.0/plugins/com.st.stm32cube.ide.mcu.externaltools.gnu-tools-for-stm32.13.3.rel1.linux64_1.0.0.202410170706/tools/bin/../lib/gcc/arm-none-eabi/13.3.1/../../../../arm-none-eabi/lib/thumb/v7e-m+dp/hard/libc_nano.a(libc_a-memset.o)
                              /opt/st/stm32cubeide_1.19.0/plugins/com.st.stm32cube.ide.mcu.externaltools.gnu-tools-for-stm32.13.3.rel1.linux64_1.0.0.202410170706/tools/bin/../lib/gcc/arm-none-eabi/13.3.1/../../../../arm-none-eabi/lib/thumb/v7e-m+dp/hard/crt0.o (memset)
/opt/st/stm32cubeide_1.19.0/plugins/com.st.stm32cube.ide.mcu.externaltools.gnu-tools-for-stm32.13.3.rel1.linux64_1.0.0.202410170706/tools/bin/../lib/gcc/arm-none-eabi/13.3.1/../../../../arm-none-eabi/lib/thumb/v7e-m+dp/hard/libc_nano.a(libc_a-closer.o)
                              /opt/st/stm32cubeide_1.19.0/plugins/com.st.stm32cube.ide.mcu.externaltools.gnu-tools-for-stm32.13.3.rel1.linux64_1.0.0.202410170706/tools/bin/../lib/gcc/arm-none-eabi/13.3.1/../../../../arm-none-eabi/lib/thumb/v7e-m+dp/hard/libc_nano.a(libc_a-stdio.o) (_close_r)
/opt/st/stm32cubeide_1.19.0/plugins/com.st.stm32cube.ide.mcu.externaltools.gnu-tools-for-stm32.13.3.rel1.linux64_1.0.0.202410170706/tools/bin/../lib/gcc/arm-none-eabi/13.3.1/../../../../arm-none-eabi/lib/thumb/v7e-m+dp/hard/libc_nano.a(libc_a-reent.o)
[...]
Memory Configuration

Name             Origin             Length             Attributes
FLASH            0x08000000         0x00200000         xr
DTCMRAM          0x20000000         0x00020000         xrw
RAM_D1           0x24000000         0x00080000         xrw
RAM_D2           0x30000000         0x00048000         xrw
RAM_D3           0x38000000         0x00010000         xrw
ITCMRAM          0x00000000         0x00010000         xrw
*default*        0x00000000         0xffffffff

Linker script and memory map

LOAD /opt/st/stm32cubeide_1.19.0/plugins/com.st.stm32cube.ide.mcu.externaltools.gnu-tools-for-stm32.13.3.rel1.linux64_1.0.0.202410170706/tools/bin/../lib/gcc/arm-none-eabi/13.3.1/thumb/v7e-m+dp/hard/crti.o
LOAD /opt/st/stm32cubeide_1.19.0/plugins/com.st.stm32cube.ide.mcu.externaltools.gnu-tools-for-stm32.13.3.rel1.linux64_1.0.0.202410170706/tools/bin/../lib/gcc/arm-none-eabi/13.3.1/thumb/v7e-m+dp/hard/crtbegin.o
LOAD /opt/st/stm32cubeide_1.19.0/plugins/com.st.stm32cube.ide.mcu.externaltools.gnu-tools-for-stm32.13.3.rel1.linux64_1.0.0.202410170706/tools/bin/../lib/gcc/arm-none-eabi/13.3.1/../../../../arm-none-eabi/lib/thumb/v7e-m+dp/hard/crt0.o
LOAD ./Core/Src/main.o
LOAD ./Core/Src/stm32h7xx_hal_msp.o
LOAD ./Core/Src/stm32h7xx_it.o
LOAD ./Core/Src/syscalls.o
LOAD ./Core/Src/sysmem.o
LOAD ./Core/Src/system_stm32h7xx.o
LOAD ./Core/Startup/startup_stm32h743vihx.o
LOAD ./Drivers/STM32H7xx_HAL_Driver/Src/stm32h7xx_hal.o
LOAD ./Drivers/STM32H7xx_HAL_Driver/Src/stm32h7xx_hal_cortex.o
LOAD ./Drivers/STM32H7xx_HAL_Driver/Src/stm32h7xx_hal_dma.o
LOAD ./Drivers/STM32H7xx_HAL_Driver/Src/stm32h7xx_hal_dma_ex.o
LOAD ./Drivers/STM32H7xx_HAL_Driver/Src/stm32h7xx_hal_exti.o
LOAD ./Drivers/STM32H7xx_HAL_Driver/Src/stm32h7xx_hal_flash.o
LOAD ./Drivers/STM32H7xx_HAL_Driver/Src/stm32h7xx_hal_flash_ex.o
LOAD ./Drivers/STM32H7xx_HAL_Driver/Src/stm32h7xx_hal_gpio.o
LOAD ./Drivers/STM32H7xx_HAL_Driver/Src/stm32h7xx_hal_hsem.o
LOAD ./Drivers/STM32H7xx_HAL_Driver/Src/stm32h7xx_hal_i2c.o
LOAD ./Drivers/STM32H7xx_HAL_Driver/Src/stm32h7xx_hal_i2c_ex.o
LOAD ./Drivers/STM32H7xx_HAL_Driver/Src/stm32h7xx_hal_mdma.o
LOAD ./Drivers/STM32H7xx_HAL_Driver/Src/stm32h7xx_hal_pwr.o
LOAD ./Drivers/STM32H7xx_HAL_Driver/Src/stm32h7xx_hal_pwr_ex.o
LOAD ./Drivers/STM32H7xx_HAL_Driver/Src/stm32h7xx_hal_rcc.o
LOAD ./Drivers/STM32H7xx_HAL_Driver/Src/stm32h7xx_hal_rcc_ex.o
LOAD ./Drivers/STM32H7xx_HAL_Driver/Src/stm32h7xx_hal_spi.o
LOAD ./Drivers/STM32H7xx_HAL_Driver/Src/stm32h7xx_hal_spi_ex.o
LOAD ./Drivers/STM32H7xx_HAL_Driver/Src/stm32h7xx_hal_tim.o
LOAD ./Drivers/STM32H7xx_HAL_Driver/Src/stm32h7xx_hal_tim_ex.o
LOAD ./app/app.o
LOAD ./app/icm42688.o
LOAD ./app/scheduler.o
LOAD ./platform/platform.o
LOAD ./platform/platform_scheduler.o
LOAD ./platform/platform_spi.o
LOAD ./platform/platform_system.o
LOAD ./platform/pubsub.o
START GROUP
LOAD /opt/st/stm32cubeide_1.19.0/plugins/com.st.stm32cube.ide.mcu.externaltools.gnu-tools-for-stm32.13.3.rel1.linux64_1.0.0.202410170706/tools/bin/../lib/gcc/arm-none-eabi/13.3.1/../../../../arm-none-eabi/lib/thumb/v7e-m+dp/hard/libc_nano.a
LOAD /opt/st/stm32cubeide_1.19.0/plugins/com.st.stm32cube.ide.mcu.externaltools.gnu-tools-for-stm32.13.3.rel1.linux64_1.0.0.202410170706/tools/bin/../lib/gcc/arm-none-eabi/13.3.1/../../../../arm-none-eabi/lib/thumb/v7e-m+dp/hard/libm.a
END GROUP
START GROUP
LOAD /opt/st/stm32cubeide_1.19.0/plugins/com.st.stm32cube.ide.mcu.externaltools.gnu-tools-for-stm32.13.3.rel1.linux64_1.0.0.202410170706/tools/bin/../lib/gcc/arm-none-eabi/13.3.1/thumb/v7e-m+dp/hard/libgcc.a
LOAD /opt/st/stm32cubeide_1.19.0/plugins/com.st.stm32cube.ide.mcu.externaltools.gnu-tools-for-stm32.13.3.rel1.linux64_1.0.0.202410170706/tools/bin/../lib/gcc/arm-none-eabi/13.3.1/../../../../arm-none-eabi/lib/thumb/v7e-m+dp/hard/libc_nano.a
END GROUP
START GROUP
LOAD /opt/st/stm32cubeide_1.19.0/plugins/com.st.stm32cube.ide.mcu.externaltools.gnu-tools-for-stm32.13.3.rel1.linux64_1.0.0.202410170706/tools/bin/../lib/gcc/arm-none-eabi/13.3.1/thumb/v7e-m+dp/hard/libgcc.a
LOAD /opt/st/stm32cubeide_1.19.0/plugins/com.st.stm32cube.ide.mcu.externaltools.gnu-tools-for-stm32.13.3.rel1.linux64_1.0.0.202410170706/tools/bin/../lib/gcc/arm-none-eabi/13.3.1/../../../../arm-none-eabi/lib/thumb/v7e-m+dp/hard/libc_nano.a
LOAD /opt/st/stm32cubeide_1.19.0/plugins/com.st.stm32cube.ide.mcu.externaltools.gnu-tools-for-stm32.13.3.rel1.linux64_1.0.0.202410170706/tools/bin/../lib/gcc/arm-none-eabi/13.3.1/../../../../arm-none-eabi/lib/thumb/v7e-m+dp/hard/libnosys.a
END GROUP
START GROUP
LOAD /opt/st/stm32cubeide_1.19.0/plugins/com.st.stm32cube.ide.mcu.externaltools.gnu-tools-for-stm32.13.3.rel1.linux64_1.0.0.202410170706/tools/bin/../lib/gcc/arm-none-eabi/13.3.1/thumb/v7e-m+dp/hard/libgcc.a
LOAD /opt/st/stm32cubeide_1.19.0/plugins/com.st.stm32cube.ide.mcu.externaltools.gnu-tools-for-stm32.13.3.rel1.linux64_1.0.0.202410170706/tools/bin/../lib/gcc/arm-none-eabi/13.3.1/../../../../arm-none-eabi/lib/thumb/v7e-m+dp/hard/libc_nano.a
LOAD /opt/st/stm32cubeide_1.19.0/plugins/com.st.stm32cube.ide.mcu.externaltools.gnu-tools-for-stm32.13.3.rel1.linux64_1.0.0.202410170706/tools/bin/../lib/gcc/arm-none-eabi/13.3.1/../../../../arm-none-eabi/lib/thumb/v7e-m+dp/hard/libnosys.a
END GROUP
LOAD /opt/st/stm32cubeide_1.19.0/plugins/com.st.stm32cube.ide.mcu.externaltools.gnu-tools-for-stm32.13.3.rel1.linux64_1.0.0.202410170706/tools/bin/../lib/gcc/arm-none-eabi/13.3.1/thumb/v7e-m+dp/hard/crtend.o
LOAD /opt/st/stm32cubeide_1.19.0/plugins/com.st.stm32cube.ide.mcu.externaltools.gnu-tools-for-stm32.13.3.rel1.linux64_1.0.0.202410170706/tools/bin/../lib/gcc/arm-none-eabi/13.3.1/thumb/v7e-m+dp/hard/crtn.o
                0x24080000                        _estack = (ORIGIN (RAM_D1) + LENGTH (RAM_D1))
                0x00000200                        _Min_Heap_Size = 0x200
                0x00000400                        _Min_Stack_Size = 0x400

.isr_vector     0x08000000      0x298
                0x08000000                        . = ALIGN (0x4)
 *(.isr_vector)
 .isr_vector    0x08000000      0x298 ./Core/Startup/startup_stm32h743vihx.o
                0x08000000                g_pfnVectors
                0x08000298                        . = ALIGN (0x4)

.text           0x08000298     0x8b0c
                0x08000298                        . = ALIGN (0x4)
 *(.text)
 .text          0x08000298       0x40 /opt/st/stm32cubeide_1.19.0/plugins/com.st.stm32cube.ide.mcu.externaltools.gnu-tools-for-stm32.13.3.rel1.linux64_1.0.0.202410170706/tools/bin/../lib/gcc/arm-none-eabi/13.3.1/thumb/v7e-m+dp/hard/crtbegin.o
 *(.text*)
 .text.HAL_SPI_TxRxCpltCallback
                0x080002d8       0x34 ./Core/Src/main.o
                0x080002d8                HAL_SPI_TxRxCpltCallback
 .text.HAL_TIM_PeriodElapsedCallback
                0x0800030c       0x28 ./Core/Src/main.o
                0x0800030c                HAL_TIM_PeriodElapsedCallback
 .text.main     0x08000334       0x44 ./Core/Src/main.o
                0x08000334                main
 .text.SystemClock_Config
                0x08000378       0xf4 ./Core/Src/main.o
                0x08000378                SystemClock_Config
 .text.MX_I2C3_Init
                0x0800046c       0x80 ./Core/Src/main.o
 .text.MX_SPI1_Init
                0x080004ec       0xb0 ./Core/Src/main.o
 .text.MX_TIM1_Init
                0x0800059c       0xa4 ./Core/Src/main.o
 .text.MX_DMA_Init
                0x08000640       0x50 ./Core/Src/main.o
 .text.MX_GPIO_Init
                0x08000690       0xc8 ./Core/Src/main.o
 .text.MPU_Config
                0x08000758       0x58 ./Core/Src/main.o
 .text.Error_Handler
                0x080007b0        0xc ./Core/Src/main.o
                0x080007b0                Error_Handler
 .text.HAL_MspInit
                0x080007bc       0x34 ./Core/Src/stm32h7xx_hal_msp.o
                0x080007bc                HAL_MspInit
 .text.HAL_I2C_MspInit
                0x080007f0      0x120 ./Core/Src/stm32h7xx_hal_msp.o
                0x080007f0                HAL_I2C_MspInit
 .text.HAL_SPI_MspInit
                0x08000910      0x1a4 ./Core/Src/stm32h7xx_hal_msp.o
                0x08000910                HAL_SPI_MspInit
 .text.HAL_TIM_Base_MspInit
                0x08000ab4       0x50 ./Core/Src/stm32h7xx_hal_msp.o
                0x08000ab4                HAL_TIM_Base_MspInit
 .text.NMI_Handler
                0x08000b04        0x8 ./Core/Src/stm32h7xx_it.o
                0x08000b04                NMI_Handler
 .text.HardFault_Handler
                0x08000b0c        0x8 ./Core/Src/stm32h7xx_it.o
                0x08000b0c                HardFault_Handler
 .text.MemManage_Handler
                0x08000b14        0x8 ./Core/Src/stm32h7xx_it.o
                0x08000b14                MemManage_Handler
 .text.BusFault_Handler
                0x08000b1c        0x8 ./Core/Src/stm32h7xx_it.o
                0x08000b1c                BusFault_Handler
 .text.UsageFault_Handler
                0x08000b24        0x8 ./Core/Src/stm32h7xx_it.o
                0x08000b24                UsageFault_Handler
 .text.SVC_Handler
                0x08000b2c        0xe ./Core/Src/stm32h7xx_it.o
                0x08000b2c                SVC_Handler
 .text.DebugMon_Handler
                0x08000b3a        0xe ./Core/Src/stm32h7xx_it.o
                0x08000b3a                DebugMon_Handler
 .text.PendSV_Handler
                0x08000b48        0xe ./Core/Src/stm32h7xx_it.o
                0x08000b48                PendSV_Handler
 .text.SysTick_Handler
                0x08000b56        0xc ./Core/Src/stm32h7xx_it.o
                0x08000b56                SysTick_Handler
 *fill*         0x08000b62        0x2 
 .text.DMA1_Stream0_IRQHandler
                0x08000b64       0x14 ./Core/Src/stm32h7xx_it.o
                0x08000b64                DMA1_Stream0_IRQHandler
 .text.DMA1_Stream1_IRQHandler
                0x08000b78       0x14 ./Core/Src/stm32h7xx_it.o
                0x08000b78                DMA1_Stream1_IRQHandler
 .text.TIM1_UP_IRQHandler
                0x08000b8c       0x14 ./Core/Src/stm32h7xx_it.o
                0x08000b8c                TIM1_UP_IRQHandler
 .text.SPI1_IRQHandler
                0x08000ba0       0x14 ./Core/Src/stm32h7xx_it.o
                0x08000ba0                SPI1_IRQHandler
 .text.SystemInit
                0x08000bb4      0x140 ./Core/Src/system_stm32h7xx.o
                0x08000bb4                SystemInit
 .text.ExitRun0Mode
                0x08000cf4       0x30 ./Core/Src/system_stm32h7xx.o
                0x08000cf4                ExitRun0Mode
 .text.Reset_Handler
                0x08000d24       0x54 ./Core/Startup/startup_stm32h743vihx.o
                0x08000d24                Reset_Handler
 .text.Default_Handler
                0x08000d78        0x2 ./Core/Startup/startup_stm32h743vihx.o
                0x08000d78                RTC_Alarm_IRQHandler
                0x08000d78                EXTI2_IRQHandler
                0x08000d78                TIM8_CC_IRQHandler
                0x08000d78                HRTIM1_Master_IRQHandler
                0x08000d78                UART8_IRQHandler
                0x08000d78                SPI4_IRQHandler
                0x08000d78                TIM1_CC_IRQHandler
                0x08000d78                BDMA_Channel6_IRQHandler
                0x08000d78                DMA2_Stream5_IRQHandler
                0x08000d78                HRTIM1_FLT_IRQHandler
                0x08000d78                JPEG_IRQHandler
                0x08000d78                DMA1_Stream5_IRQHandler
                0x08000d78                BDMA_Channel1_IRQHandler
                0x08000d78                HRTIM1_TIMD_IRQHandler
                0x08000d78                TAMP_STAMP_IRQHandler
                0x08000d78                EXTI3_IRQHandler
                0x08000d78                LPTIM4_IRQHandler
                0x08000d78                TIM8_TRG_COM_TIM14_IRQHandler
                0x08000d78                LPTIM2_IRQHandler
                0x08000d78                DFSDM1_FLT1_IRQHandler
                0x08000d78                DMAMUX2_OVR_IRQHandler
                0x08000d78                TIM8_UP_TIM13_IRQHandler
                0x08000d78                I2C3_ER_IRQHandler
                0x08000d78                DFSDM1_FLT2_IRQHandler
                0x08000d78                MDMA_IRQHandler
                0x08000d78                LPTIM3_IRQHandler
                0x08000d78                HSEM1_IRQHandler
                0x08000d78                EXTI0_IRQHandler
                0x08000d78                I2C2_EV_IRQHandler
                0x08000d78                DMA1_Stream2_IRQHandler
                0x08000d78                FPU_IRQHandler
                0x08000d78                OTG_HS_WKUP_IRQHandler
                0x08000d78                FDCAN1_IT1_IRQHandler
                0x08000d78                LTDC_ER_IRQHandler
                0x08000d78                DMA2_Stream2_IRQHandler
                0x08000d78                HRTIM1_TIME_IRQHandler
                0x08000d78                TIM6_DAC_IRQHandler
                0x08000d78                DCMI_IRQHandler
                0x08000d78                HRTIM1_TIMC_IRQHandler
                0x08000d78                DMA2_Stream3_IRQHandler
                0x08000d78                SAI2_IRQHandler
                0x08000d78                DFSDM1_FLT3_IRQHandler
                0x08000d78                USART6_IRQHandler
                0x08000d78                TIM17_IRQHandler
                0x08000d78                USART3_IRQHandler
                0x08000d78                BDMA_Channel7_IRQHandler
                0x08000d78                LPTIM5_IRQHandler
                0x08000d78                UART5_IRQHandler
                0x08000d78                ADC3_IRQHandler
                0x08000d78                DMA2_Stream0_IRQHandler
                0x08000d78                TIM4_IRQHandler
                0x08000d78                BDMA_Channel2_IRQHandler
                0x08000d78                QUADSPI_IRQHandler
                0x08000d78                I2C1_EV_IRQHandler
                0x08000d78                DMA1_Stream6_IRQHandler
                0x08000d78                DMAMUX1_OVR_IRQHandler
                0x08000d78                TIM16_IRQHandler
                0x08000d78                UART4_IRQHandler
                0x08000d78                BDMA_Channel5_IRQHandler
                0x08000d78                TIM3_IRQHandler
                0x08000d78                RCC_IRQHandler
                0x08000d78                TIM8_BRK_TIM12_IRQHandler
                0x08000d78                TIM1_TRG_COM_IRQHandler
                0x08000d78                Default_Handler
                0x08000d78                ECC_IRQHandler
                0x08000d78                CEC_IRQHandler
                0x08000d78                EXTI15_10_IRQHandler
                0x08000d78                BDMA_Channel0_IRQHandler
                0x08000d78                ADC_IRQHandler
                0x08000d78                DMA1_Stream7_IRQHandler
                0x08000d78                HRTIM1_TIMA_IRQHandler
                0x08000d78                SPI5_IRQHandler
                0x08000d78                TIM7_IRQHandler
                0x08000d78                SDMMC1_IRQHandler
                0x08000d78                TIM5_IRQHandler
                0x08000d78                DMA2_Stream7_IRQHandler
                0x08000d78                TIM15_IRQHandler
                0x08000d78                PVD_AVD_IRQHandler
                0x08000d78                I2C3_EV_IRQHandler
                0x08000d78                EXTI9_5_IRQHandler
                0x08000d78                RTC_WKUP_IRQHandler
                0x08000d78                LTDC_IRQHandler
                0x08000d78                SAI3_IRQHandler
                0x08000d78                ETH_WKUP_IRQHandler
                0x08000d78                SPDIF_RX_IRQHandler
                0x08000d78                SPI2_IRQHandler
                0x08000d78                OTG_HS_EP1_IN_IRQHandler
                0x08000d78                CRS_IRQHandler
                0x08000d78                EXTI4_IRQHandler
                0x08000d78                RNG_IRQHandler
                0x08000d78                HRTIM1_TIMB_IRQHandler
                0x08000d78                FDCAN2_IT1_IRQHandler
                0x08000d78                ETH_IRQHandler
                0x08000d78                BDMA_Channel4_IRQHandler
                0x08000d78                OTG_HS_EP1_OUT_IRQHandler
                0x08000d78                WWDG_IRQHandler
                0x08000d78                SPI6_IRQHandler
                0x08000d78                MDIOS_IRQHandler
                0x08000d78                I2C4_EV_IRQHandler
                0x08000d78                FDCAN2_IT0_IRQHandler
                0x08000d78                LPUART1_IRQHandler
                0x08000d78                FDCAN1_IT0_IRQHandler
                0x08000d78                TIM2_IRQHandler
                0x08000d78                OTG_FS_WKUP_IRQHandler
                0x08000d78                OTG_HS_IRQHandler
                0x08000d78                DMA2D_IRQHandler
                0x08000d78                TIM1_BRK_IRQHandler
                0x08000d78                EXTI1_IRQHandler
                0x08000d78                SDMMC2_IRQHandler
                0x08000d78                OTG_FS_EP1_OUT_IRQHandler
                0x08000d78                BDMA_Channel3_IRQHandler
                0x08000d78                UART7_IRQHandler
                0x08000d78                MDIOS_WKUP_IRQHandler
                0x08000d78                USART2_IRQHandler
                0x08000d78                DFSDM1_FLT0_IRQHandler
                0x08000d78                SAI4_IRQHandler
                0x08000d78                I2C2_ER_IRQHandler
                0x08000d78                DMA2_Stream1_IRQHandler
                0x08000d78                FLASH_IRQHandler
                0x08000d78                DMA2_Stream4_IRQHandler
                0x08000d78                USART1_IRQHandler
                0x08000d78                OTG_FS_IRQHandler
                0x08000d78                SPI3_IRQHandler
                0x08000d78                WAKEUP_PIN_IRQHandler
                0x08000d78                DMA1_Stream4_IRQHandler
                0x08000d78                OTG_FS_EP1_IN_IRQHandler
                0x08000d78                I2C1_ER_IRQHandler
                0x08000d78                FMC_IRQHandler
                0x08000d78                FDCAN_CAL_IRQHandler
                0x08000d78                SWPMI1_IRQHandler
                0x08000d78                COMP1_IRQHandler
                0x08000d78                LPTIM1_IRQHandler
                0x08000d78                I2C4_ER_IRQHandler
                0x08000d78                DMA2_Stream6_IRQHandler
                0x08000d78                SAI1_IRQHandler
                0x08000d78                DMA1_Stream3_IRQHandler
 *fill*         0x08000d7a        0x2 
 .text.HAL_Init
                0x08000d7c       0x78 ./Drivers/STM32H7xx_HAL_Driver/Src/stm32h7xx_hal.o
                0x08000d7c                HAL_Init
 .text.HAL_InitTick
                0x08000df4       0x6c ./Drivers/STM32H7xx_HAL_Driver/Src/stm32h7xx_hal.o
                0x08000df4                HAL_InitTick
 .text.HAL_IncTick
                0x08000e60       0x28 ./Drivers/STM32H7xx_HAL_Driver/Src/stm32h7xx_hal.o
                0x08000e60                HAL_IncTick
 .text.HAL_GetTick
                0x08000e88       0x18 ./Drivers/STM32H7xx_HAL_Driver/Src/stm32h7xx_hal.o
                0x08000e88                HAL_GetTick
 .text.HAL_Delay
                0x08000ea0       0x48 ./Drivers/STM32H7xx_HAL_Driver/Src/stm32h7xx_hal.o
                0x08000ea0                HAL_Delay
 .text.HAL_GetREVID
                0x08000ee8       0x18 ./Drivers/STM32H7xx_HAL_Driver/Src/stm32h7xx_hal.o
                0x08000ee8                HAL_GetREVID
 .text.__NVIC_SetPriorityGrouping
                0x08000f00       0x48 ./Drivers/STM32H7xx_HAL_Driver/Src/stm32h7xx_hal_cortex.o
 .text.__NVIC_GetPriorityGrouping
                0x08000f48       0x1c ./Drivers/STM32H7xx_HAL_Driver/Src/stm32h7xx_hal_cortex.o
 .text.__NVIC_EnableIRQ
                0x08000f64       0x3c ./Drivers/STM32H7xx_HAL_Driver/Src/stm32h7xx_hal_cortex.o
 .text.__NVIC_SetPriority
                0x08000fa0       0x54 ./Drivers/STM32H7xx_HAL_Driver/Src/stm32h7xx_hal_cortex.o
 .text.NVIC_EncodePriority
                0x08000ff4       0x66 ./Drivers/STM32H7xx_HAL_Driver/Src/stm32h7xx_hal_cortex.o
 *fill*         0x0800105a        0x2 
 .text.SysTick_Config
                0x0800105c       0x44 ./Drivers/STM32H7xx_HAL_Driver/Src/stm32h7xx_hal_cortex.o
 .text.HAL_NVIC_SetPriorityGrouping
                0x080010a0       0x16 ./Drivers/STM32H7xx_HAL_Driver/Src/stm32h7xx_hal_cortex.o
                0x080010a0                HAL_NVIC_SetPriorityGrouping
 .text.HAL_NVIC_SetPriority
                0x080010b6       0x34 ./Drivers/STM32H7xx_HAL_Driver/Src/stm32h7xx_hal_cortex.o
                0x080010b6                HAL_NVIC_SetPriority
 .text.HAL_NVIC_EnableIRQ
                0x080010ea       0x1c ./Drivers/STM32H7xx_HAL_Driver/Src/stm32h7xx_hal_cortex.o
                0x080010ea                HAL_NVIC_EnableIRQ
 .text.HAL_SYSTICK_Config
                0x08001106       0x18 ./Drivers/STM32H7xx_HAL_Driver/Src/stm32h7xx_hal_cortex.o
                0x08001106                HAL_SYSTICK_Config
 *fill*         0x0800111e        0x2 
 .text.HAL_MPU_Disable
                0x08001120       0x30 ./Drivers/STM32H7xx_HAL_Driver/Src/stm32h7xx_hal_cortex.o
                0x08001120                HAL_MPU_Disable
 .text.HAL_MPU_Enable
                0x08001150       0x40 ./Drivers/STM32H7xx_HAL_Driver/Src/stm32h7xx_hal_cortex.o
                0x08001150                HAL_MPU_Enable
 .text.HAL_MPU_ConfigRegion
                0x08001190       0x80 ./Drivers/STM32H7xx_HAL_Driver/Src/stm32h7xx_hal_cortex.o
                0x08001190                HAL_MPU_ConfigRegion
 .text.HAL_DMA_Init
                0x08001210      0x6b8 ./Drivers/STM32H7xx_HAL_Driver/Src/stm32h7xx_hal_dma.o
                0x08001210                HAL_DMA_Init
 .text.HAL_DMA_Start_IT
                0x080018c8      0x4d4 ./Drivers/STM32H7xx_HAL_Driver/Src/stm32h7xx_hal_dma.o
                0x080018c8                HAL_DMA_Start_IT
 .text.HAL_DMA_Abort
                0x08001d9c      0x63c ./Drivers/STM32H7xx_HAL_Driver/Src/stm32h7xx_hal_dma.o
                0x08001d9c                HAL_DMA_Abort
 .text.HAL_DMA_Abort_IT
                0x080023d8      0x48c ./Drivers/STM32H7xx_HAL_Driver/Src/stm32h7xx_hal_dma.o
                0x080023d8                HAL_DMA_Abort_IT
 .text.HAL_DMA_IRQHandler
                0x08002864      0xe54 ./Drivers/STM32H7xx_HAL_Driver/Src/stm32h7xx_hal_dma.o
                0x08002864                HAL_DMA_IRQHandler
 .text.HAL_DMA_GetError
                0x080036b8       0x18 ./Drivers/STM32H7xx_HAL_Driver/Src/stm32h7xx_hal_dma.o
                0x080036b8                HAL_DMA_GetError
 .text.DMA_SetConfig
                0x080036d0      0x358 ./Drivers/STM32H7xx_HAL_Driver/Src/stm32h7xx_hal_dma.o
 .text.DMA_CalcBaseAndBitshift
                0x08003a28      0x164 ./Drivers/STM32H7xx_HAL_Driver/Src/stm32h7xx_hal_dma.o
 .text.DMA_CheckFifoParam
                0x08003b8c       0xf8 ./Drivers/STM32H7xx_HAL_Driver/Src/stm32h7xx_hal_dma.o
 .text.DMA_CalcDMAMUXChannelBaseAndMask
                0x08003c84      0x134 ./Drivers/STM32H7xx_HAL_Driver/Src/stm32h7xx_hal_dma.o
 .text.DMA_CalcDMAMUXRequestGenBaseAndMask
                0x08003db8       0xe8 ./Drivers/STM32H7xx_HAL_Driver/Src/stm32h7xx_hal_dma.o
 .text.HAL_GPIO_Init
                0x08003ea0      0x360 ./Drivers/STM32H7xx_HAL_Driver/Src/stm32h7xx_hal_gpio.o
                0x08003ea0                HAL_GPIO_Init
 .text.HAL_GPIO_WritePin
                0x08004200       0x32 ./Drivers/STM32H7xx_HAL_Driver/Src/stm32h7xx_hal_gpio.o
                0x08004200                HAL_GPIO_WritePin
 *fill*         0x08004232        0x2 
 .text.HAL_I2C_Init
                0x08004234      0x138 ./Drivers/STM32H7xx_HAL_Driver/Src/stm32h7xx_hal_i2c.o
                0x08004234                HAL_I2C_Init
 .text.HAL_I2CEx_ConfigAnalogFilter
                0x0800436c       0x96 ./Drivers/STM32H7xx_HAL_Driver/Src/stm32h7xx_hal_i2c_ex.o
                0x0800436c                HAL_I2CEx_ConfigAnalogFilter
 .text.HAL_I2CEx_ConfigDigitalFilter
                0x08004402       0x98 ./Drivers/STM32H7xx_HAL_Driver/Src/stm32h7xx_hal_i2c_ex.o
                0x08004402                HAL_I2CEx_ConfigDigitalFilter
 *fill*         0x0800449a        0x2 
 .text.HAL_PWREx_ConfigSupply
                0x0800449c       0x74 ./Drivers/STM32H7xx_HAL_Driver/Src/stm32h7xx_hal_pwr_ex.o
                0x0800449c                HAL_PWREx_ConfigSupply
 .text.HAL_RCC_OscConfig
                0x08004510      0x8b4 ./Drivers/STM32H7xx_HAL_Driver/Src/stm32h7xx_hal_rcc.o
                0x08004510                HAL_RCC_OscConfig
 .text.HAL_RCC_ClockConfig
                0x08004dc4      0x36c ./Drivers/STM32H7xx_HAL_Driver/Src/stm32h7xx_hal_rcc.o
                0x08004dc4                HAL_RCC_ClockConfig
 .text.HAL_RCC_GetSysClockFreq
                0x08005130      0x2f4 ./Drivers/STM32H7xx_HAL_Driver/Src/stm32h7xx_hal_rcc.o
                0x08005130                HAL_RCC_GetSysClockFreq
 .text.HAL_RCCEx_PeriphCLKConfig
                0x08005424     0x1414 ./Drivers/STM32H7xx_HAL_Driver/Src/stm32h7xx_hal_rcc_ex.o
                0x08005424                HAL_RCCEx_PeriphCLKConfig
 .text.RCCEx_PLL2_Config
                0x08006838      0x164 ./Drivers/STM32H7xx_HAL_Driver/Src/stm32h7xx_hal_rcc_ex.o
 .text.RCCEx_PLL3_Config
                0x0800699c      0x164 ./Drivers/STM32H7xx_HAL_Driver/Src/stm32h7xx_hal_rcc_ex.o
 .text.HAL_SPI_Init
                0x08006b00      0x248 ./Drivers/STM32H7xx_HAL_Driver/Src/stm32h7xx_hal_spi.o
                0x08006b00                HAL_SPI_Init
 .text.HAL_SPI_TransmitReceive
                0x08006d48      0x674 ./Drivers/STM32H7xx_HAL_Driver/Src/stm32h7xx_hal_spi.o
                0x08006d48                HAL_SPI_TransmitReceive
 .text.HAL_SPI_TransmitReceive_DMA
                0x080073bc      0x370 ./Drivers/STM32H7xx_HAL_Driver/Src/stm32h7xx_hal_spi.o
                0x080073bc                HAL_SPI_TransmitReceive_DMA
 .text.HAL_SPI_IRQHandler
                0x0800772c      0x39c ./Drivers/STM32H7xx_HAL_Driver/Src/stm32h7xx_hal_spi.o
                0x0800772c                HAL_SPI_IRQHandler
 .text.HAL_SPI_TxCpltCallback
                0x08007ac8       0x14 ./Drivers/STM32H7xx_HAL_Driver/Src/stm32h7xx_hal_spi.o
                0x08007ac8                HAL_SPI_TxCpltCallback
 .text.HAL_SPI_RxCpltCallback
                0x08007adc       0x14 ./Drivers/STM32H7xx_HAL_Driver/Src/stm32h7xx_hal_spi.o
                0x08007adc                HAL_SPI_RxCpltCallback
 .text.HAL_SPI_TxRxHalfCpltCallback
                0x08007af0       0x14 ./Drivers/STM32H7xx_HAL_Driver/Src/stm32h7xx_hal_spi.o
                0x08007af0                HAL_SPI_TxRxHalfCpltCallback
 .text.HAL_SPI_ErrorCallback
                0x08007b04       0x14 ./Drivers/STM32H7xx_HAL_Driver/Src/stm32h7xx_hal_spi.o
                0x08007b04                HAL_SPI_ErrorCallback
 .text.HAL_SPI_SuspendCallback
                0x08007b18       0x14 ./Drivers/STM32H7xx_HAL_Driver/Src/stm32h7xx_hal_spi.o
                0x08007b18                HAL_SPI_SuspendCallback
 .text.SPI_DMATransmitReceiveCplt
                0x08007b2c       0x46 ./Drivers/STM32H7xx_HAL_Driver/Src/stm32h7xx_hal_spi.o
 .text.SPI_DMAHalfTransmitReceiveCplt
                0x08007b72       0x1c ./Drivers/STM32H7xx_HAL_Driver/Src/stm32h7xx_hal_spi.o
 .text.SPI_DMAError
                0x08007b8e       0x46 ./Drivers/STM32H7xx_HAL_Driver/Src/stm32h7xx_hal_spi.o
 .text.SPI_DMAAbortOnError
                0x08007bd4       0x34 ./Drivers/STM32H7xx_HAL_Driver/Src/stm32h7xx_hal_spi.o
 .text.SPI_CloseTransfer
                0x08007c08      0x140 ./Drivers/STM32H7xx_HAL_Driver/Src/stm32h7xx_hal_spi.o
 .text.SPI_WaitOnFlagUntilTimeout
                0x08007d48       0x5c ./Drivers/STM32H7xx_HAL_Driver/Src/stm32h7xx_hal_spi.o
 .text.SPI_GetPacketSize
                0x08007da4       0x36 ./Drivers/STM32H7xx_HAL_Driver/Src/stm32h7xx_hal_spi.o
 .text.HAL_TIM_Base_Init
                0x08007dda       0xae ./Drivers/STM32H7xx_HAL_Driver/Src/stm32h7xx_hal_tim.o
                0x08007dda                HAL_TIM_Base_Init
 .text.HAL_TIM_Base_Start
                0x08007e88       0xe0 ./Drivers/STM32H7xx_HAL_Driver/Src/stm32h7xx_hal_tim.o
                0x08007e88                HAL_TIM_Base_Start
 .text.HAL_TIM_Base_Start_IT
                0x08007f68       0xf0 ./Drivers/STM32H7xx_HAL_Driver/Src/stm32h7xx_hal_tim.o
                0x08007f68                HAL_TIM_Base_Start_IT
 .text.HAL_TIM_IRQHandler
                0x08008058      0x20e ./Drivers/STM32H7xx_HAL_Driver/Src/stm32h7xx_hal_tim.o
                0x08008058                HAL_TIM_IRQHandler
 *fill*         0x08008266        0x2 
 .text.HAL_TIM_ConfigClockSource
                0x08008268      0x1f0 ./Drivers/STM32H7xx_HAL_Driver/Src/stm32h7xx_hal_tim.o
                0x08008268                HAL_TIM_ConfigClockSource
 .text.HAL_TIM_OC_DelayElapsedCallback
                0x08008458       0x14 ./Drivers/STM32H7xx_HAL_Driver/Src/stm32h7xx_hal_tim.o
                0x08008458                HAL_TIM_OC_DelayElapsedCallback
 .text.HAL_TIM_IC_CaptureCallback
                0x0800846c       0x14 ./Drivers/STM32H7xx_HAL_Driver/Src/stm32h7xx_hal_tim.o
                0x0800846c                HAL_TIM_IC_CaptureCallback
 .text.HAL_TIM_PWM_PulseFinishedCallback
                0x08008480       0x14 ./Drivers/STM32H7xx_HAL_Driver/Src/stm32h7xx_hal_tim.o
                0x08008480                HAL_TIM_PWM_PulseFinishedCallback
 .text.HAL_TIM_TriggerCallback
                0x08008494       0x14 ./Drivers/STM32H7xx_HAL_Driver/Src/stm32h7xx_hal_tim.o
                0x08008494                HAL_TIM_TriggerCallback
 .text.TIM_Base_SetConfig
                0x080084a8      0x140 ./Drivers/STM32H7xx_HAL_Driver/Src/stm32h7xx_hal_tim.o
                0x080084a8                TIM_Base_SetConfig
 .text.TIM_TI1_ConfigInputStage
                0x080085e8       0x5e ./Drivers/STM32H7xx_HAL_Driver/Src/stm32h7xx_hal_tim.o
 .text.TIM_TI2_ConfigInputStage
                0x08008646       0x60 ./Drivers/STM32H7xx_HAL_Driver/Src/stm32h7xx_hal_tim.o
 *fill*         0x080086a6        0x2 
 .text.TIM_ITRx_SetConfig
                0x080086a8       0x3c ./Drivers/STM32H7xx_HAL_Driver/Src/stm32h7xx_hal_tim.o
 .text.TIM_ETR_SetConfig
                0x080086e4       0x40 ./Drivers/STM32H7xx_HAL_Driver/Src/stm32h7xx_hal_tim.o
                0x080086e4                TIM_ETR_SetConfig
 .text.HAL_TIMEx_MasterConfigSynchronization
                0x08008724      0x11c ./Drivers/STM32H7xx_HAL_Driver/Src/stm32h7xx_hal_tim_ex.o
                0x08008724                HAL_TIMEx_MasterConfigSynchronization
 .text.HAL_TIMEx_CommutCallback
                0x08008840       0x14 ./Drivers/STM32H7xx_HAL_Driver/Src/stm32h7xx_hal_tim_ex.o
                0x08008840                HAL_TIMEx_CommutCallback
 .text.HAL_TIMEx_BreakCallback
                0x08008854       0x14 ./Drivers/STM32H7xx_HAL_Driver/Src/stm32h7xx_hal_tim_ex.o
                0x08008854                HAL_TIMEx_BreakCallback
 .text.HAL_TIMEx_Break2Callback
                0x08008868       0x14 ./Drivers/STM32H7xx_HAL_Driver/Src/stm32h7xx_hal_tim_ex.o
                0x08008868                HAL_TIMEx_Break2Callback
 .text.app_init
                0x0800887c       0x30 ./app/app.o
                0x0800887c                app_init
 .text.icm42688_readwrite
                0x080088ac       0x2c ./app/icm42688.o
 .text.icm426888_readbyte
                0x080088d8       0x42 ./app/icm42688.o
 .text.icm42688_writebyte
                0x0800891a       0x42 ./app/icm42688.o
 .text.icm42688p_init
                0x0800895c      0x132 ./app/icm42688.o
                0x0800895c                icm42688p_init
 .text.icm42688p_read_dma
                0x08008a8e       0x54 ./app/icm42688.o
                0x08008a8e                icm42688p_read_dma
 .text.icm42688_parse_data
                0x08008ae2      0x166 ./app/icm42688.o
                0x08008ae2                icm42688_parse_data
 .text.platform_init
                0x08008c48       0x12 ./platform/platform.o
                0x08008c48                platform_init
 .text.platform_spi_init
                0x08008c5a       0x10 ./platform/platform_spi.o
                0x08008c5a                platform_spi_init
 *fill*         0x08008c6a        0x2 
 .text.platform_spi_write_read_dma
                0x08008c6c       0x34 ./platform/platform_spi.o
                0x08008c6c                platform_spi_write_read_dma
 .text.platform_spi_write_read_blocking
                0x08008ca0       0x38 ./platform/platform_spi.o
                0x08008ca0                platform_spi_write_read_blocking
 .text.platform_spi_cs_high
                0x08008cd8       0x18 ./platform/platform_spi.o
                0x08008cd8                platform_spi_cs_high
 .text.platform_spi_cs_low
                0x08008cf0       0x18 ./platform/platform_spi.o
                0x08008cf0                platform_spi_cs_low
 .text.platform_system_delay_ms
                0x08008d08       0x16 ./platform/platform_system.o
                0x08008d08                platform_system_delay_ms
 *fill*         0x08008d1e        0x2 
 .text.platform_system_init
                0x08008d20       0x14 ./platform/platform_system.o
                0x08008d20                platform_system_init
 .text.memset   0x08008d34       0x10 /opt/st/stm32cubeide_1.19.0/plugins/com.st.stm32cube.ide.mcu.externaltools.gnu-tools-for-stm32.13.3.rel1.linux64_1.0.0.202410170706/tools/bin/../lib/gcc/arm-none-eabi/13.3.1/../../../../arm-none-eabi/lib/thumb/v7e-m+dp/hard/libc_nano.a(libc_a-memset.o)
                0x08008d34                memset
 .text.__libc_init_array
                0x08008d44       0x48 /opt/st/stm32cubeide_1.19.0/plugins/com.st.stm32cube.ide.mcu.externaltools.gnu-tools-for-stm32.13.3.rel1.linux64_1.0.0.202410170706/tools/bin/../lib/gcc/arm-none-eabi/13.3.1/../../../../arm-none-eabi/lib/thumb/v7e-m+dp/hard/libc_nano.a(libc_a-init.o)
                0x08008d44                __libc_init_array
 *(.glue_7)
 .glue_7        0x08008d8c        0x0 linker stubs
 *(.glue_7t)
 .glue_7t       0x08008d8c        0x0 linker stubs
 *(.eh_frame)
 .eh_frame      0x08008d8c        0x0 /opt/st/stm32cubeide_1.19.0/plugins/com.st.stm32cube.ide.mcu.externaltools.gnu-tools-for-stm32.13.3.rel1.linux64_1.0.0.202410170706/tools/bin/../lib/gcc/arm-none-eabi/13.3.1/thumb/v7e-m+dp/hard/crtbegin.o
 *(.init)
 .init          0x08008d8c        0x4 /opt/st/stm32cubeide_1.19.0/plugins/com.st.stm32cube.ide.mcu.externaltools.gnu-tools-for-stm32.13.3.rel1.linux64_1.0.0.202410170706/tools/bin/../lib/gcc/arm-none-eabi/13.3.1/thumb/v7e-m+dp/hard/crti.o
                0x08008d8c                _init
 .init          0x08008d90        0x8 /opt/st/stm32cubeide_1.19.0/plugins/com.st.stm32cube.ide.mcu.externaltools.gnu-tools-for-stm32.13.3.rel1.linux64_1.0.0.202410170706/tools/bin/../lib/gcc/arm-none-eabi/13.3.1/thumb/v7e-m+dp/hard/crtn.o
 *(.fini)
 .fini          0x08008d98        0x4 /opt/st/stm32cubeide_1.19.0/plugins/com.st.stm32cube.ide.mcu.externaltools.gnu-tools-for-stm32.13.3.rel1.linux64_1.0.0.202410170706/tools/bin/../lib/gcc/arm-none-eabi/13.3.1/thumb/v7e-m+dp/hard/crti.o
                0x08008d98                _fini
 .fini          0x08008d9c        0x8 /opt/st/stm32cubeide_1.19.0/plugins/com.st.stm32cube.ide.mcu.externaltools.gnu-tools-for-stm32.13.3.rel1.linux64_1.0.0.202410170706/tools/bin/../lib/gcc/arm-none-eabi/13.3.1/thumb/v7e-m+dp/hard/crtn.o
                0x08008da4                        . = ALIGN (0x4)
                0x08008da4                        _etext = .

.vfp11_veneer   0x08008da4        0x0
 .vfp11_veneer  0x08008da4        0x0 linker stubs

.v4_bx          0x08008da4        0x0
 .v4_bx         0x08008da4        0x0 linker stubs

.iplt           0x08008da4        0x0
 .iplt          0x08008da4        0x0 /opt/st/stm32cubeide_1.19.0/plugins/com.st.stm32cube.ide.mcu.externaltools.gnu-tools-for-stm32.13.3.rel1.linux64_1.0.0.202410170706/tools/bin/../lib/gcc/arm-none-eabi/13.3.1/thumb/v7e-m+dp/hard/crtbegin.o

.rodata         0x08008da4       0x18
                0x08008da4                        . = ALIGN (0x4)
 *(.rodata)
 *(.rodata*)
 .rodata.D1CorePrescTable
                0x08008da4       0x10 ./Core/Src/system_stm32h7xx.o
                0x08008da4                D1CorePrescTable
 .rodata.flagBitshiftOffset.0
                0x08008db4        0x8 ./Drivers/STM32H7xx_HAL_Driver/Src/stm32h7xx_hal_dma.o
                0x08008dbc                        . = ALIGN (0x4)

.ARM.extab
 *(.ARM.extab* .gnu.linkonce.armextab.*)

.ARM            0x08008dbc        0x0
                0x08008dbc                        __exidx_start = .
 *(.ARM.exidx*)
                0x08008dbc                        __exidx_end = .

.preinit_array  0x08008dbc        0x0
                0x08008dbc                        PROVIDE (__preinit_array_start = .)
 *(.preinit_array*)
                0x08008dbc                        PROVIDE (__preinit_array_end = .)

.init_array     0x08008dbc        0x4
                0x08008dbc                        PROVIDE (__init_array_start = .)
 *(SORT_BY_NAME(.init_array.*))
 *(.init_array*)
 .init_array    0x08008dbc        0x4 /opt/st/stm32cubeide_1.19.0/plugins/com.st.stm32cube.ide.mcu.externaltools.gnu-tools-for-stm32.13.3.rel1.linux64_1.0.0.202410170706/tools/bin/../lib/gcc/arm-none-eabi/13.3.1/thumb/v7e-m+dp/hard/crtbegin.o
                0x08008dc0                        PROVIDE (__init_array_end = .)

.fini_array     0x08008dc0        0x4
                [!provide]                        PROVIDE (__fini_array_start = .)
 *(SORT_BY_NAME(.fini_array.*))
 *(.fini_array*)
 .fini_array    0x08008dc0        0x4 /opt/st/stm32cubeide_1.19.0/plugins/com.st.stm32cube.ide.mcu.externaltools.gnu-tools-for-stm32.13.3.rel1.linux64_1.0.0.202410170706/tools/bin/../lib/gcc/arm-none-eabi/13.3.1/thumb/v7e-m+dp/hard/crtbegin.o
                [!provide]                        PROVIDE (__fini_array_end = .)
                0x08008dc4                        _sidata = LOADADDR (.data)

.rel.dyn        0x08008dc4        0x0
 .rel.iplt      0x08008dc4        0x0 /opt/st/stm32cubeide_1.19.0/plugins/com.st.stm32cube.ide.mcu.externaltools.gnu-tools-for-stm32.13.3.rel1.linux64_1.0.0.202410170706/tools/bin/../lib/gcc/arm-none-eabi/13.3.1/thumb/v7e-m+dp/hard/crtbegin.o

.data           0x24000000       0x14 load address 0x08008dc4
                0x24000000                        . = ALIGN (0x4)
                0x24000000                        _sdata = .
 *(.data)
 *(.data*)
 .data.SystemCoreClock
                0x24000000        0x4 ./Core/Src/system_stm32h7xx.o
                0x24000000                SystemCoreClock
 .data.SystemD2Clock
                0x24000004        0x4 ./Core/Src/system_stm32h7xx.o
                0x24000004                SystemD2Clock
 .data.uwTickPrio
                0x24000008        0x4 ./Drivers/STM32H7xx_HAL_Driver/Src/stm32h7xx_hal.o
                0x24000008                uwTickPrio
 .data.uwTickFreq
                0x2400000c        0x1 ./Drivers/STM32H7xx_HAL_Driver/Src/stm32h7xx_hal.o
                0x2400000c                uwTickFreq
 *fill*         0x2400000d        0x3 
 .data.spi_port
                0x24000010        0x4 ./platform/platform_spi.o
                0x24000010                spi_port
 *(.RamFunc)
 *(.RamFunc*)
                0x24000014                        . = ALIGN (0x4)
                0x24000014                        _edata = .

.igot.plt       0x24000014        0x0 load address 0x08008dd8
 .igot.plt      0x24000014        0x0 /opt/st/stm32cubeide_1.19.0/plugins/com.st.stm32cube.ide.mcu.externaltools.gnu-tools-for-stm32.13.3.rel1.linux64_1.0.0.202410170706/tools/bin/../lib/gcc/arm-none-eabi/13.3.1/thumb/v7e-m+dp/hard/crtbegin.o
                0x24000014                        . = ALIGN (0x4)

.bss            0x24000014      0x278 load address 0x08008dd8
                0x24000014                        _sbss = .
                0x24000014                        __bss_start__ = _sbss
 *(.bss)
 .bss           0x24000014       0x1c /opt/st/stm32cubeide_1.19.0/plugins/com.st.stm32cube.ide.mcu.externaltools.gnu-tools-for-stm32.13.3.rel1.linux64_1.0.0.202410170706/tools/bin/../lib/gcc/arm-none-eabi/13.3.1/thumb/v7e-m+dp/hard/crtbegin.o
 *(.bss*)
 .bss.imu2_data
                0x24000030       0x1c ./Core/Src/main.o
                0x24000030                imu2_data
 .bss.hi2c3     0x2400004c       0x54 ./Core/Src/main.o
                0x2400004c                hi2c3
 .bss.hspi1     0x240000a0       0x88 ./Core/Src/main.o
                0x240000a0                hspi1
 .bss.hdma_spi1_rx
                0x24000128       0x78 ./Core/Src/main.o
                0x24000128                hdma_spi1_rx
 .bss.hdma_spi1_tx
                0x240001a0       0x78 ./Core/Src/main.o
                0x240001a0                hdma_spi1_tx
 .bss.htim1     0x24000218       0x4c ./Core/Src/main.o
                0x24000218                htim1
 .bss.uwTick    0x24000264        0x4 ./Drivers/STM32H7xx_HAL_Driver/Src/stm32h7xx_hal.o
                0x24000264                uwTick
 .bss.imu2      0x24000268       0x21 ./app/app.o
                0x24000268                imu2
 *(COMMON)
                0x2400028c                        . = ALIGN (0x4)
 *fill*         0x24000289        0x3 
                0x2400028c                        _ebss = .
                0x2400028c                        __bss_end__ = _ebss

._user_heap_stack
                0x2400028c      0x604 load address 0x08008dd8
                0x24000290                        . = ALIGN (0x8)
 *fill*         0x2400028c        0x4 
                [!provide]                        PROVIDE (end = .)
                0x24000290                        PROVIDE (_end = .)
                0x24000490                        . = (. + _Min_Heap_Size)
 *fill*         0x24000290      0x200 
                0x24000890                        . = (. + _Min_Stack_Size)
 *fill*         0x24000490      0x400 
                0x24000890                        . = ALIGN (0x8)

/DISCARD/
 libc.a(*)
 libm.a(*)
 libgcc.a(*)

.ARM.attributes
                0x00000000       0x2e
 *(.ARM.attributes)
 .ARM.attributes
                0x00000000       0x20 /opt/st/stm32cubeide_1.19.0/plugins/com.st.stm32cube.ide.mcu.externaltools.gnu-tools-for-stm32.13.3.rel1.linux64_1.0.0.202410170706/tools/bin/../lib/gcc/arm-none-eabi/13.3.1/thumb/v7e-m+dp/hard/crti.o
 .ARM.attributes
                0x00000020       0x32 /opt/st/stm32cubeide_1.19.0/plugins/com.st.stm32cube.ide.mcu.externaltools.gnu-tools-for-stm32.13.3.rel1.linux64_1.0.0.202410170706/tools/bin/../lib/gcc/arm-none-eabi/13.3.1/thumb/v7e-m+dp/hard/crtbegin.o
 .ARM.attributes
                0x00000052       0x32 ./Core/Src/main.o
 .ARM.attributes
                0x00000084       0x32 ./Core/Src/stm32h7xx_hal_msp.o
 .ARM.attributes
                0x000000b6       0x32 ./Core/Src/stm32h7xx_it.o
 .ARM.attributes
                0x000000e8       0x32 ./Core/Src/system_stm32h7xx.o
 .ARM.attributes
                0x0000011a       0x21 ./Core/Startup/startup_stm32h743vihx.o
 .ARM.attributes
                0x0000013b       0x32 ./Drivers/STM32H7xx_HAL_Driver/Src/stm32h7xx_hal.o
 .ARM.attributes
                0x0000016d       0x32 ./Drivers/STM32H7xx_HAL_Driver/Src/stm32h7xx_hal_cortex.o
 .ARM.attributes
                0x0000019f       0x32 ./Drivers/STM32H7xx_HAL_Driver/Src/stm32h7xx_hal_dma.o
 .ARM.attributes
                0x000001d1       0x32 ./Drivers/STM32H7xx_HAL_Driver/Src/stm32h7xx_hal_gpio.o
 .ARM.attributes
                0x00000203       0x32 ./Drivers/STM32H7xx_HAL_Driver/Src/stm32h7xx_hal_i2c.o
 .ARM.attributes
                0x00000235       0x32 ./Drivers/STM32H7xx_HAL_Driver/Src/stm32h7xx_hal_i2c_ex.o
 .ARM.attributes
                0x00000267       0x32 ./Drivers/STM32H7xx_HAL_Driver/Src/stm32h7xx_hal_pwr_ex.o
 .ARM.attributes
                0x00000299       0x32 ./Drivers/STM32H7xx_HAL_Driver/Src/stm32h7xx_hal_rcc.o
 .ARM.attributes
                0x000002cb       0x32 ./Drivers/STM32H7xx_HAL_Driver/Src/stm32h7xx_hal_rcc_ex.o
 .ARM.attributes
                0x000002fd       0x32 ./Drivers/STM32H7xx_HAL_Driver/Src/stm32h7xx_hal_spi.o
 .ARM.attributes
                0x0000032f       0x32 ./Drivers/STM32H7xx_HAL_Driver/Src/stm32h7xx_hal_tim.o
 .ARM.attributes
                0x00000361       0x32 ./Drivers/STM32H7xx_HAL_Driver/Src/stm32h7xx_hal_tim_ex.o
 .ARM.attributes
                0x00000393       0x32 ./app/app.o
 .ARM.attributes
                0x000003c5       0x32 ./app/icm42688.o
 .ARM.attributes
                0x000003f7       0x32 ./platform/platform.o
 .ARM.attributes
                0x00000429       0x32 ./platform/platform_spi.o
 .ARM.attributes
                0x0000045b       0x32 ./platform/platform_system.o
 .ARM.attributes
                0x0000048d       0x32 /opt/st/stm32cubeide_1.19.0/plugins/com.st.stm32cube.ide.mcu.externaltools.gnu-tools-for-stm32.13.3.rel1.linux64_1.0.0.202410170706/tools/bin/../lib/gcc/arm-none-eabi/13.3.1/../../../../arm-none-eabi/lib/thumb/v7e-m+dp/hard/libc_nano.a(libc_a-memset.o)
 .ARM.attributes
                0x000004bf       0x32 /opt/st/stm32cubeide_1.19.0/plugins/com.st.stm32cube.ide.mcu.externaltools.gnu-tools-for-stm32.13.3.rel1.linux64_1.0.0.202410170706/tools/bin/../lib/gcc/arm-none-eabi/13.3.1/../../../../arm-none-eabi/lib/thumb/v7e-m+dp/hard/libc_nano.a(libc_a-init.o)
 .ARM.attributes
                0x000004f1       0x20 /opt/st/stm32cubeide_1.19.0/plugins/com.st.stm32cube.ide.mcu.externaltools.gnu-tools-for-stm32.13.3.rel1.linux64_1.0.0.202410170706/tools/bin/../lib/gcc/arm-none-eabi/13.3.1/thumb/v7e-m+dp/hard/crtn.o
OUTPUT(test_gimbal_v4_spi_i2c.elf elf32-littlearm)
LOAD linker stubs
LOAD /opt/st/stm32cubeide_1.19.0/plugins/com.st.stm32cube.ide.mcu.externaltools.gnu-tools-for-stm32.13.3.rel1.linux64_1.0.0.202410170706/tools/bin/../lib/gcc/arm-none-eabi/13.3.1/../../../../arm-none-eabi/lib/thumb/v7e-m+dp/hard/libc.a
LOAD /opt/st/stm32cubeide_1.19.0/plugins/com.st.stm32cube.ide.mcu.externaltools.gnu-tools-for-stm32.13.3.rel1.linux64_1.0.0.202410170706/tools/bin/../lib/gcc/arm-none-eabi/13.3.1/../../../../arm-none-eabi/lib/thumb/v7e-m+dp/hard/libm.a
LOAD /opt/st/stm32cubeide_1.19.0/plugins/com.st.stm32cube.ide.mcu.externaltools.gnu-tools-for-stm32.13.3.rel1.linux64_1.0.0.202410170706/tools/bin/../lib/gcc/arm-none-eabi/13.3.1/thumb/v7e-m+dp/hard/libgcc.a

.debug_info     0x00000000    0x16bc1
 .debug_info    0x00000000     0x2187 ./Core/Src/main.o
 .debug_info    0x00002187     0x1c99 ./Core/Src/stm32h7xx_hal_msp.o
 .debug_info    0x00003e20      0xc6a ./Core/Src/stm32h7xx_it.o
 .debug_info    0x00004a8a      0xdb2 ./Core/Src/system_stm32h7xx.o
 .debug_info    0x0000583c       0x30 ./Core/Startup/startup_stm32h743vihx.o
 .debug_info    0x0000586c     0x153b ./Drivers/STM32H7xx_HAL_Driver/Src/stm32h7xx_hal.o
 .debug_info    0x00006da7     0x10b1 ./Drivers/STM32H7xx_HAL_Driver/Src/stm32h7xx_hal_cortex.o
 .debug_info    0x00007e58      0xc31 ./Drivers/STM32H7xx_HAL_Driver/Src/stm32h7xx_hal_dma.o
 .debug_info    0x00008a89      0xc5a ./Drivers/STM32H7xx_HAL_Driver/Src/stm32h7xx_hal_gpio.o
 .debug_info    0x000096e3     0x22c9 ./Drivers/STM32H7xx_HAL_Driver/Src/stm32h7xx_hal_i2c.o
 .debug_info    0x0000b9ac      0xd84 ./Drivers/STM32H7xx_HAL_Driver/Src/stm32h7xx_hal_i2c_ex.o
 .debug_info    0x0000c730     0x1012 ./Drivers/STM32H7xx_HAL_Driver/Src/stm32h7xx_hal_pwr_ex.o
 .debug_info    0x0000d742      0xe6a ./Drivers/STM32H7xx_HAL_Driver/Src/stm32h7xx_hal_rcc.o
 .debug_info    0x0000e5ac     0x1225 ./Drivers/STM32H7xx_HAL_Driver/Src/stm32h7xx_hal_rcc_ex.o
 .debug_info    0x0000f7d1     0x144a ./Drivers/STM32H7xx_HAL_Driver/Src/stm32h7xx_hal_spi.o
 .debug_info    0x00010c1b     0x2bae ./Drivers/STM32H7xx_HAL_Driver/Src/stm32h7xx_hal_tim.o
 .debug_info    0x000137c9     0x17eb ./Drivers/STM32H7xx_HAL_Driver/Src/stm32h7xx_hal_tim_ex.o
 .debug_info    0x00014fb4      0x2ec ./app/app.o
 .debug_info    0x000152a0      0x62e ./app/icm42688.o
 .debug_info    0x000158ce       0xc3 ./platform/platform.o
 .debug_info    0x00015991      0xa1a ./platform/platform_spi.o
 .debug_info    0x000163ab      0x816 ./platform/platform_system.o

.debug_abbrev   0x00000000     0x2dcd
 .debug_abbrev  0x00000000      0x35b ./Core/Src/main.o
 .debug_abbrev  0x0000035b      0x284 ./Core/Src/stm32h7xx_hal_msp.o
 .debug_abbrev  0x000005df      0x1ab ./Core/Src/stm32h7xx_it.o
 .debug_abbrev  0x0000078a      0x165 ./Core/Src/system_stm32h7xx.o
 .debug_abbrev  0x000008ef       0x24 ./Core/Startup/startup_stm32h743vihx.o
 .debug_abbrev  0x00000913      0x295 ./Drivers/STM32H7xx_HAL_Driver/Src/stm32h7xx_hal.o
 .debug_abbrev  0x00000ba8      0x339 ./Drivers/STM32H7xx_HAL_Driver/Src/stm32h7xx_hal_cortex.o
 .debug_abbrev  0x00000ee1      0x248 ./Drivers/STM32H7xx_HAL_Driver/Src/stm32h7xx_hal_dma.o
 .debug_abbrev  0x00001129      0x205 ./Drivers/STM32H7xx_HAL_Driver/Src/stm32h7xx_hal_gpio.o
 .debug_abbrev  0x0000132e      0x25d ./Drivers/STM32H7xx_HAL_Driver/Src/stm32h7xx_hal_i2c.o
 .debug_abbrev  0x0000158b      0x1f5 ./Drivers/STM32H7xx_HAL_Driver/Src/stm32h7xx_hal_i2c_ex.o
 .debug_abbrev  0x00001780      0x2a7 ./Drivers/STM32H7xx_HAL_Driver/Src/stm32h7xx_hal_pwr_ex.o
 .debug_abbrev  0x00001a27      0x2c8 ./Drivers/STM32H7xx_HAL_Driver/Src/stm32h7xx_hal_rcc.o
 .debug_abbrev  0x00001cef      0x269 ./Drivers/STM32H7xx_HAL_Driver/Src/stm32h7xx_hal_rcc_ex.o
 .debug_abbrev  0x00001f58      0x2b1 ./Drivers/STM32H7xx_HAL_Driver/Src/stm32h7xx_hal_spi.o
 .debug_abbrev  0x00002209      0x276 ./Drivers/STM32H7xx_HAL_Driver/Src/stm32h7xx_hal_tim.o
 .debug_abbrev  0x0000247f      0x281 ./Drivers/STM32H7xx_HAL_Driver/Src/stm32h7xx_hal_tim_ex.o
 .debug_abbrev  0x00002700       0xfd ./app/app.o
 .debug_abbrev  0x000027fd      0x1be ./app/icm42688.o
 .debug_abbrev  0x000029bb       0x72 ./platform/platform.o
 .debug_abbrev  0x00002a2d      0x1e6 ./platform/platform_spi.o
 .debug_abbrev  0x00002c13      0x1ba ./platform/platform_system.o

.debug_aranges  0x00000000     0x1338
 .debug_aranges
                0x00000000       0x70 ./Core/Src/main.o
 .debug_aranges
                0x00000070       0x50 ./Core/Src/stm32h7xx_hal_msp.o
 .debug_aranges
                0x000000c0       0x80 ./Core/Src/stm32h7xx_it.o
 .debug_aranges
                0x00000140       0x30 ./Core/Src/system_stm32h7xx.o
 .debug_aranges
                0x00000170       0x28 ./Core/Startup/startup_stm32h743vihx.o
 .debug_aranges
                0x00000198      0x198 ./Drivers/STM32H7xx_HAL_Driver/Src/stm32h7xx_hal.o
 .debug_aranges
                0x00000330      0x130 ./Drivers/STM32H7xx_HAL_Driver/Src/stm32h7xx_hal_cortex.o
 .debug_aranges
                0x00000460       0xa0 ./Drivers/STM32H7xx_HAL_Driver/Src/stm32h7xx_hal_dma.o
 .debug_aranges
                0x00000500       0x58 ./Drivers/STM32H7xx_HAL_Driver/Src/stm32h7xx_hal_gpio.o
 .debug_aranges
                0x00000558      0x2a0 ./Drivers/STM32H7xx_HAL_Driver/Src/stm32h7xx_hal_i2c.o
 .debug_aranges
                0x000007f8       0x48 ./Drivers/STM32H7xx_HAL_Driver/Src/stm32h7xx_hal_i2c_ex.o
 .debug_aranges
                0x00000840      0x158 ./Drivers/STM32H7xx_HAL_Driver/Src/stm32h7xx_hal_pwr_ex.o
 .debug_aranges
                0x00000998       0x88 ./Drivers/STM32H7xx_HAL_Driver/Src/stm32h7xx_hal_rcc.o
 .debug_aranges
                0x00000a20       0xf8 ./Drivers/STM32H7xx_HAL_Driver/Src/stm32h7xx_hal_rcc_ex.o
 .debug_aranges
                0x00000b18      0x1a8 ./Drivers/STM32H7xx_HAL_Driver/Src/stm32h7xx_hal_spi.o
 .debug_aranges
                0x00000cc0      0x3e0 ./Drivers/STM32H7xx_HAL_Driver/Src/stm32h7xx_hal_tim.o
 .debug_aranges
                0x000010a0      0x188 ./Drivers/STM32H7xx_HAL_Driver/Src/stm32h7xx_hal_tim_ex.o
 .debug_aranges
                0x00001228       0x20 ./app/app.o
 .debug_aranges
                0x00001248       0x58 ./app/icm42688.o
 .debug_aranges
                0x000012a0       0x20 ./platform/platform.o
 .debug_aranges
                0x000012c0       0x40 ./platform/platform_spi.o
 .debug_aranges
                0x00001300       0x38 ./platform/platform_system.o

.debug_rnglists
                0x00000000      0xee3
 .debug_rnglists
                0x00000000       0x54 ./Core/Src/main.o
 .debug_rnglists
                0x00000054       0x39 ./Core/Src/stm32h7xx_hal_msp.o
 .debug_rnglists
                0x0000008d       0x5b ./Core/Src/stm32h7xx_it.o
 .debug_rnglists
                0x000000e8       0x21 ./Core/Src/system_stm32h7xx.o
 .debug_rnglists
                0x00000109       0x19 ./Core/Startup/startup_stm32h743vihx.o
 .debug_rnglists
                0x00000122      0x131 ./Drivers/STM32H7xx_HAL_Driver/Src/stm32h7xx_hal.o
 .debug_rnglists
                0x00000253       0xe0 ./Drivers/STM32H7xx_HAL_Driver/Src/stm32h7xx_hal_cortex.o
 .debug_rnglists
                0x00000333       0x82 ./Drivers/STM32H7xx_HAL_Driver/Src/stm32h7xx_hal_dma.o
 .debug_rnglists
                0x000003b5       0x3f ./Drivers/STM32H7xx_HAL_Driver/Src/stm32h7xx_hal_gpio.o
 .debug_rnglists
                0x000003f4      0x22a ./Drivers/STM32H7xx_HAL_Driver/Src/stm32h7xx_hal_i2c.o
 .debug_rnglists
                0x0000061e       0x35 ./Drivers/STM32H7xx_HAL_Driver/Src/stm32h7xx_hal_i2c_ex.o
 .debug_rnglists
                0x00000653      0x103 ./Drivers/STM32H7xx_HAL_Driver/Src/stm32h7xx_hal_pwr_ex.o
 .debug_rnglists
                0x00000756       0x68 ./Drivers/STM32H7xx_HAL_Driver/Src/stm32h7xx_hal_rcc.o
 .debug_rnglists
                0x000007be       0xc0 ./Drivers/STM32H7xx_HAL_Driver/Src/stm32h7xx_hal_rcc_ex.o
 .debug_rnglists
                0x0000087e      0x148 ./Drivers/STM32H7xx_HAL_Driver/Src/stm32h7xx_hal_spi.o
 .debug_rnglists
                0x000009c6      0x328 ./Drivers/STM32H7xx_HAL_Driver/Src/stm32h7xx_hal_tim.o
 .debug_rnglists
                0x00000cee      0x13f ./Drivers/STM32H7xx_HAL_Driver/Src/stm32h7xx_hal_tim_ex.o
 .debug_rnglists
                0x00000e2d       0x13 ./app/app.o
 .debug_rnglists
                0x00000e40       0x40 ./app/icm42688.o
 .debug_rnglists
                0x00000e80       0x13 ./platform/platform.o
 .debug_rnglists
                0x00000e93       0x2b ./platform/platform_spi.o
 .debug_rnglists
                0x00000ebe       0x25 ./platform/platform_system.o

.debug_macro    0x00000000    0x38116
 .debug_macro   0x00000000      0x32a ./Core/Src/main.o
 .debug_macro   0x0000032a      0xaf6 ./Core/Src/main.o
 .debug_macro   0x00000e20      0x238 ./Core/Src/main.o
 .debug_macro   0x00001058       0x2e ./Core/Src/main.o
 .debug_macro   0x00001086       0x3b ./Core/Src/main.o
 .debug_macro   0x000010c1       0x22 ./Core/Src/main.o
 .debug_macro   0x000010e3       0x8e ./Core/Src/main.o
 .debug_macro   0x00001171       0x51 ./Core/Src/main.o
 .debug_macro   0x000011c2      0x103 ./Core/Src/main.o
 .debug_macro   0x000012c5       0x6a ./Core/Src/main.o
 .debug_macro   0x0000132f      0x1df ./Core/Src/main.o
 .debug_macro   0x0000150e       0x1c ./Core/Src/main.o
 .debug_macro   0x0000152a       0x22 ./Core/Src/main.o
 .debug_macro   0x0000154c       0xfb ./Core/Src/main.o
 .debug_macro   0x00001647     0x1305 ./Core/Src/main.o
 .debug_macro   0x0000294c      0x11f ./Core/Src/main.o
 .debug_macro   0x00002a6b       0x27 ./Core/Src/main.o
 .debug_macro   0x00002a92    0x25b9b ./Core/Src/main.o
 .debug_macro   0x0002862d       0x6d ./Core/Src/main.o
 .debug_macro   0x0002869a     0x3d79 ./Core/Src/main.o
 .debug_macro   0x0002c413      0x190 ./Core/Src/main.o
 .debug_macro   0x0002c5a3       0x61 ./Core/Src/main.o
 .debug_macro   0x0002c604       0x29 ./Core/Src/main.o
 .debug_macro   0x0002c62d       0x43 ./Core/Src/main.o
 .debug_macro   0x0002c670       0x34 ./Core/Src/main.o
 .debug_macro   0x0002c6a4      0x370 ./Core/Src/main.o
 .debug_macro   0x0002ca14       0x16 ./Core/Src/main.o
 .debug_macro   0x0002ca2a       0x4a ./Core/Src/main.o
 .debug_macro   0x0002ca74       0x34 ./Core/Src/main.o
 .debug_macro   0x0002caa8       0x10 ./Core/Src/main.o
 .debug_macro   0x0002cab8       0x58 ./Core/Src/main.o
 .debug_macro   0x0002cb10       0x8e ./Core/Src/main.o
 .debug_macro   0x0002cb9e       0x1c ./Core/Src/main.o
 .debug_macro   0x0002cbba      0x185 ./Core/Src/main.o
 .debug_macro   0x0002cd3f      0x19b ./Core/Src/main.o
 .debug_macro   0x0002ceda       0x5d ./Core/Src/main.o
 .debug_macro   0x0002cf37     0x2382 ./Core/Src/main.o
 .debug_macro   0x0002f2b9     0x102c ./Core/Src/main.o
 .debug_macro   0x000302e5      0x154 ./Core/Src/main.o
 .debug_macro   0x00030439      0x114 ./Core/Src/main.o
 .debug_macro   0x0003054d      0x3b6 ./Core/Src/main.o
 .debug_macro   0x00030903       0xac ./Core/Src/main.o
 .debug_macro   0x000309af      0x72d ./Core/Src/main.o
 .debug_macro   0x000310dc      0x228 ./Core/Src/main.o
 .debug_macro   0x00031304       0x66 ./Core/Src/main.o
 .debug_macro   0x0003136a      0x3bb ./Core/Src/main.o
 .debug_macro   0x00031725      0x3e4 ./Core/Src/main.o
 .debug_macro   0x00031b09      0x275 ./Core/Src/main.o
 .debug_macro   0x00031d7e      0x3ca ./Core/Src/main.o
 .debug_macro   0x00032148      0x408 ./Core/Src/main.o
 .debug_macro   0x00032550       0x51 ./Core/Src/main.o
 .debug_macro   0x000325a1       0x4a ./Core/Src/main.o
 .debug_macro   0x000325eb      0x22c ./Core/Src/main.o
 .debug_macro   0x00032817       0x67 ./Core/Src/main.o
 .debug_macro   0x0003287e       0xa5 ./Core/Src/main.o
 .debug_macro   0x00032923      0x1c4 ./Core/Src/main.o
 .debug_macro   0x00032ae7      0x25e ./Core/Src/main.o
 .debug_macro   0x00032d45       0x35 ./Core/Src/main.o
 .debug_macro   0x00032d7a      0x5e4 ./Core/Src/main.o
 .debug_macro   0x0003335e       0xc1 ./Core/Src/main.o
 .debug_macro   0x0003341f      0xafa ./Core/Src/main.o
 .debug_macro   0x00033f19      0x29f ./Core/Src/main.o
 .debug_macro   0x000341b8      0x5ac ./Core/Src/main.o
 .debug_macro   0x00034764       0x16 ./Core/Src/main.o
 .debug_macro   0x0003477a       0x3c ./Core/Src/main.o
 .debug_macro   0x000347b6       0x20 ./Core/Src/main.o
 .debug_macro   0x000347d6       0x22 ./Core/Src/main.o
 .debug_macro   0x000347f8       0x22 ./Core/Src/main.o
 .debug_macro   0x0003481a       0x1c ./Core/Src/main.o
 .debug_macro   0x00034836      0x2b7 ./Core/Src/stm32h7xx_hal_msp.o
 .debug_macro   0x00034aed      0x2c1 ./Core/Src/stm32h7xx_it.o
 .debug_macro   0x00034dae      0x2ad ./Core/Src/system_stm32h7xx.o
 .debug_macro   0x0003505b      0x2d7 ./Drivers/STM32H7xx_HAL_Driver/Src/stm32h7xx_hal.o
 .debug_macro   0x00035332      0x2ad ./Drivers/STM32H7xx_HAL_Driver/Src/stm32h7xx_hal_cortex.o
 .debug_macro   0x000355df      0x301 ./Drivers/STM32H7xx_HAL_Driver/Src/stm32h7xx_hal_dma.o
 .debug_macro   0x000358e0      0x2b4 ./Drivers/STM32H7xx_HAL_Driver/Src/stm32h7xx_hal_gpio.o
 .debug_macro   0x00035b94      0x379 ./Drivers/STM32H7xx_HAL_Driver/Src/stm32h7xx_hal_i2c.o
 .debug_macro   0x00035f0d      0x2ad ./Drivers/STM32H7xx_HAL_Driver/Src/stm32h7xx_hal_i2c_ex.o
 .debug_macro   0x000361ba      0x2e6 ./Drivers/STM32H7xx_HAL_Driver/Src/stm32h7xx_hal_pwr_ex.o
 .debug_macro   0x000364a0      0x2d1 ./Drivers/STM32H7xx_HAL_Driver/Src/stm32h7xx_hal_rcc.o
 .debug_macro   0x00036771      0x2cb ./Drivers/STM32H7xx_HAL_Driver/Src/stm32h7xx_hal_rcc_ex.o
 .debug_macro   0x00036a3c      0x2b5 ./Drivers/STM32H7xx_HAL_Driver/Src/stm32h7xx_hal_spi.o
 .debug_macro   0x00036cf1      0x2ae ./Drivers/STM32H7xx_HAL_Driver/Src/stm32h7xx_hal_tim.o
 .debug_macro   0x00036f9f      0x2ad ./Drivers/STM32H7xx_HAL_Driver/Src/stm32h7xx_hal_tim_ex.o
 .debug_macro   0x0003724c      0x32a ./app/app.o
 .debug_macro   0x00037576      0x31d ./app/icm42688.o
 .debug_macro   0x00037893       0x10 ./app/icm42688.o
 .debug_macro   0x000378a3      0x2cf ./platform/platform.o
 .debug_macro   0x00037b72      0x2cf ./platform/platform_spi.o
 .debug_macro   0x00037e41      0x2d5 ./platform/platform_system.o

.debug_line     0x00000000    0x1a99c
 .debug_line    0x00000000      0xb7f ./Core/Src/main.o
 .debug_line    0x00000b7f      0x979 ./Core/Src/stm32h7xx_hal_msp.o
 .debug_line    0x000014f8      0x91c ./Core/Src/stm32h7xx_it.o
 .debug_line    0x00001e14      0xa0c ./Core/Src/system_stm32h7xx.o
 .debug_line    0x00002820       0x7b ./Core/Startup/startup_stm32h743vihx.o
 .debug_line    0x0000289b      0xde5 ./Drivers/STM32H7xx_HAL_Driver/Src/stm32h7xx_hal.o
 .debug_line    0x00003680      0xdcf ./Drivers/STM32H7xx_HAL_Driver/Src/stm32h7xx_hal_cortex.o
 .debug_line    0x0000444f     0x2766 ./Drivers/STM32H7xx_HAL_Driver/Src/stm32h7xx_hal_dma.o
 .debug_line    0x00006bb5      0xc6e ./Drivers/STM32H7xx_HAL_Driver/Src/stm32h7xx_hal_gpio.o
 .debug_line    0x00007823     0x3b5c ./Drivers/STM32H7xx_HAL_Driver/Src/stm32h7xx_hal_i2c.o
 .debug_line    0x0000b37f      0x973 ./Drivers/STM32H7xx_HAL_Driver/Src/stm32h7xx_hal_i2c_ex.o
 .debug_line    0x0000bcf2      0xf69 ./Drivers/STM32H7xx_HAL_Driver/Src/stm32h7xx_hal_pwr_ex.o
 .debug_line    0x0000cc5b     0x148c ./Drivers/STM32H7xx_HAL_Driver/Src/stm32h7xx_hal_rcc.o
 .debug_line    0x0000e0e7     0x1d98 ./Drivers/STM32H7xx_HAL_Driver/Src/stm32h7xx_hal_rcc_ex.o
 .debug_line    0x0000fe7f     0x2177 ./Drivers/STM32H7xx_HAL_Driver/Src/stm32h7xx_hal_spi.o
 .debug_line    0x00011ff6     0x3f39 ./Drivers/STM32H7xx_HAL_Driver/Src/stm32h7xx_hal_tim.o
 .debug_line    0x00015f2f     0x1cab ./Drivers/STM32H7xx_HAL_Driver/Src/stm32h7xx_hal_tim_ex.o
 .debug_line    0x00017bda      0x8e8 ./app/app.o
 .debug_line    0x000184c2      0xb22 ./app/icm42688.o
 .debug_line    0x00018fe4      0x85b ./platform/platform.o
 .debug_line    0x0001983f      0x8b7 ./platform/platform_spi.o
 .debug_line    0x0001a0f6      0x8a6 ./platform/platform_system.o

.debug_str      0x00000000   0x161d56
 .debug_str     0x00000000   0x161d56 ./Core/Src/main.o
                             0x15cac3 (size before relaxing)
 .debug_str     0x00161d56   0x15c6d1 ./Core/Src/stm32h7xx_hal_msp.o
 .debug_str     0x00161d56   0x15b61d ./Core/Src/stm32h7xx_it.o
 .debug_str     0x00161d56   0x15b139 ./Core/Src/system_stm32h7xx.o
 .debug_str     0x00161d56       0x77 ./Core/Startup/startup_stm32h743vihx.o
 .debug_str     0x00161d56   0x15c010 ./Drivers/STM32H7xx_HAL_Driver/Src/stm32h7xx_hal.o
 .debug_str     0x00161d56   0x15ba4b ./Drivers/STM32H7xx_HAL_Driver/Src/stm32h7xx_hal_cortex.o
 .debug_str     0x00161d56   0x15b834 ./Drivers/STM32H7xx_HAL_Driver/Src/stm32h7xx_hal_dma.o
 .debug_str     0x00161d56   0x15b0b1 ./Drivers/STM32H7xx_HAL_Driver/Src/stm32h7xx_hal_gpio.o
 .debug_str     0x00161d56   0x15c152 ./Drivers/STM32H7xx_HAL_Driver/Src/stm32h7xx_hal_i2c.o
 .debug_str     0x00161d56   0x15b4f6 ./Drivers/STM32H7xx_HAL_Driver/Src/stm32h7xx_hal_i2c_ex.o
 .debug_str     0x00161d56   0x15b572 ./Drivers/STM32H7xx_HAL_Driver/Src/stm32h7xx_hal_pwr_ex.o
 .debug_str     0x00161d56   0x15b495 ./Drivers/STM32H7xx_HAL_Driver/Src/stm32h7xx_hal_rcc.o
 .debug_str     0x00161d56   0x15b976 ./Drivers/STM32H7xx_HAL_Driver/Src/stm32h7xx_hal_rcc_ex.o
 .debug_str     0x00161d56   0x15b7b9 ./Drivers/STM32H7xx_HAL_Driver/Src/stm32h7xx_hal_spi.o
 .debug_str     0x00161d56   0x15c234 ./Drivers/STM32H7xx_HAL_Driver/Src/stm32h7xx_hal_tim.o
 .debug_str     0x00161d56   0x15bb5c ./Drivers/STM32H7xx_HAL_Driver/Src/stm32h7xx_hal_tim_ex.o
 .debug_str     0x00161d56   0x15afed ./app/app.o
 .debug_str     0x00161d56   0x15b1a1 ./app/icm42688.o
 .debug_str     0x00161d56   0x15abc9 ./platform/platform.o
 .debug_str     0x00161d56   0x15b35e ./platform/platform_spi.o
 .debug_str     0x00161d56   0x15b2cd ./platform/platform_system.o

.comment        0x00000000       0x43
 .comment       0x00000000       0x43 ./Core/Src/main.o
                                 0x44 (size before relaxing)
 .comment       0x00000043       0x44 ./Core/Src/stm32h7xx_hal_msp.o
 .comment       0x00000043       0x44 ./Core/Src/stm32h7xx_it.o
 .comment       0x00000043       0x44 ./Core/Src/system_stm32h7xx.o
 .comment       0x00000043       0x44 ./Drivers/STM32H7xx_HAL_Driver/Src/stm32h7xx_hal.o
 .comment       0x00000043       0x44 ./Drivers/STM32H7xx_HAL_Driver/Src/stm32h7xx_hal_cortex.o
 .comment       0x00000043       0x44 ./Drivers/STM32H7xx_HAL_Driver/Src/stm32h7xx_hal_dma.o
 .comment       0x00000043       0x44 ./Drivers/STM32H7xx_HAL_Driver/Src/stm32h7xx_hal_gpio.o
 .comment       0x00000043       0x44 ./Drivers/STM32H7xx_HAL_Driver/Src/stm32h7xx_hal_i2c.o
 .comment       0x00000043       0x44 ./Drivers/STM32H7xx_HAL_Driver/Src/stm32h7xx_hal_i2c_ex.o
 .comment       0x00000043       0x44 ./Drivers/STM32H7xx_HAL_Driver/Src/stm32h7xx_hal_pwr_ex.o
 .comment       0x00000043       0x44 ./Drivers/STM32H7xx_HAL_Driver/Src/stm32h7xx_hal_rcc.o
 .comment       0x00000043       0x44 ./Drivers/STM32H7xx_HAL_Driver/Src/stm32h7xx_hal_rcc_ex.o
 .comment       0x00000043       0x44 ./Drivers/STM32H7xx_HAL_Driver/Src/stm32h7xx_hal_spi.o
 .comment       0x00000043       0x44 ./Drivers/STM32H7xx_HAL_Driver/Src/stm32h7xx_hal_tim.o
 .comment       0x00000043       0x44 ./Drivers/STM32H7xx_HAL_Driver/Src/stm32h7xx_hal_tim_ex.o
 .comment       0x00000043       0x44 ./app/app.o
 .comment       0x00000043       0x44 ./app/icm42688.o
 .comment       0x00000043       0x44 ./platform/platform.o
 .comment       0x00000043       0x44 ./platform/platform_spi.o
 .comment       0x00000043       0x44 ./platform/platform_system.o

.debug_frame    0x00000000     0x50a0
 .debug_frame   0x00000000      0x178 ./Core/Src/main.o
 .debug_frame   0x00000178      0x118 ./Core/Src/stm32h7xx_hal_msp.o
 .debug_frame   0x00000290      0x174 ./Core/Src/stm32h7xx_it.o
 .debug_frame   0x00000404       0x78 ./Core/Src/system_stm32h7xx.o
 .debug_frame   0x0000047c      0x690 ./Drivers/STM32H7xx_HAL_Driver/Src/stm32h7xx_hal.o
 .debug_frame   0x00000b0c      0x508 ./Drivers/STM32H7xx_HAL_Driver/Src/stm32h7xx_hal_cortex.o
 .debug_frame   0x00001014      0x2b4 ./Drivers/STM32H7xx_HAL_Driver/Src/stm32h7xx_hal_dma.o
 .debug_frame   0x000012c8      0x14c ./Drivers/STM32H7xx_HAL_Driver/Src/stm32h7xx_hal_gpio.o
 .debug_frame   0x00001414      0xc40 ./Drivers/STM32H7xx_HAL_Driver/Src/stm32h7xx_hal_i2c.o
 .debug_frame   0x00002054      0x100 ./Drivers/STM32H7xx_HAL_Driver/Src/stm32h7xx_hal_i2c_ex.o
 .debug_frame   0x00002154      0x580 ./Drivers/STM32H7xx_HAL_Driver/Src/stm32h7xx_hal_pwr_ex.o
 .debug_frame   0x000026d4      0x1f8 ./Drivers/STM32H7xx_HAL_Driver/Src/stm32h7xx_hal_rcc.o
 .debug_frame   0x000028cc      0x414 ./Drivers/STM32H7xx_HAL_Driver/Src/stm32h7xx_hal_rcc_ex.o
 .debug_frame   0x00002ce0      0x7a8 ./Drivers/STM32H7xx_HAL_Driver/Src/stm32h7xx_hal_spi.o
 .debug_frame   0x00003488     0x121c ./Drivers/STM32H7xx_HAL_Driver/Src/stm32h7xx_hal_tim.o
 .debug_frame   0x000046a4      0x6d8 ./Drivers/STM32H7xx_HAL_Driver/Src/stm32h7xx_hal_tim_ex.o
 .debug_frame   0x00004d7c       0x34 ./app/app.o
 .debug_frame   0x00004db0      0x138 ./app/icm42688.o
 .debug_frame   0x00004ee8       0x2c ./platform/platform.o
 .debug_frame   0x00004f14       0xb0 ./platform/platform_spi.o
 .debug_frame   0x00004fc4       0x90 ./platform/platform_system.o
 .debug_frame   0x00005054       0x20 /opt/st/stm32cubeide_1.19.0/plugins/com.st.stm32cube.ide.mcu.externaltools.gnu-tools-for-stm32.13.3.rel1.linux64_1.0.0.202410170706/tools/bin/../lib/gcc/arm-none-eabi/13.3.1/../../../../arm-none-eabi/lib/thumb/v7e-m+dp/hard/libc_nano.a(libc_a-memset.o)
 .debug_frame   0x00005074       0x2c /opt/st/stm32cubeide_1.19.0/plugins/com.st.stm32cube.ide.mcu.externaltools.gnu-tools-for-stm32.13.3.rel1.linux64_1.0.0.202410170706/tools/bin/../lib/gcc/arm-none-eabi/13.3.1/../../../../arm-none-eabi/lib/thumb/v7e-m+dp/hard/libc_nano.a(libc_a-init.o)

.debug_line_str
                0x00000000       0x5b
 .debug_line_str
                0x00000000       0x5b ./Core/Startup/startup_stm32h743vihx.o
