../drvs/icm42688_spi_drv.c:18:1:ICM42688_ReadWrite	32	static
../drvs/icm42688_spi_drv.c:26:1:ICM42688_ReadByte	24	static
../drvs/icm42688_spi_drv.c:39:1:ICM42688_WriteByte	16	static
../drvs/icm42688_spi_drv.c:48:1:ICM42688_ReadNBytes	32	static
../drvs/icm42688_spi_drv.c:64:9:icm42688_drv_init_spi	24	static
../drvs/icm42688_spi_drv.c:95:1:icm42688_checkWhoAmI_spi	16	static
../drvs/icm42688_spi_drv.c:101:1:icm42688_setRegisterBank_spi	16	static
../drvs/icm42688_spi_drv.c:108:1:icm42688_setPowerMode_spi	24	static
../drvs/icm42688_spi_drv.c:117:1:icm42688_setGyroConfig_spi	24	static
../drvs/icm42688_spi_drv.c:126:1:icm42688_setGyroAccelConfig0_spi	24	static
../drvs/icm42688_spi_drv.c:132:6:icm42688_setAccelConfig_spi	24	static
../drvs/icm42688_spi_drv.c:141:1:icm42688_setFifoConfig_spi	16	static
../drvs/icm42688_spi_drv.c:147:1:icm42688_setTMSTConfig_spi	24	static
../drvs/icm42688_spi_drv.c:154:1:icm42688_setINTConfig_spi	24	static
../drvs/icm42688_spi_drv.c:161:1:icm42688_setINTSOURCE0_spi	24	static
../drvs/icm42688_spi_drv.c:168:1:icm42688_setGyroConfigStatic2_spi	16	static
../drvs/icm42688_spi_drv.c:176:1:icm42688_read_spi	32	static
