../platform/platform_scheduler.c:10:6:platform_scheduler_1hz	8	static
../platform/platform_scheduler.c:14:6:platform_scheduler_5hz	8	static
../platform/platform_scheduler.c:18:6:platform_scheduler_10hz	8	static
../platform/platform_scheduler.c:22:6:platform_scheduler_25hz	8	static
../platform/platform_scheduler.c:26:6:platform_scheduler_50hz	8	static
../platform/platform_scheduler.c:30:6:platform_scheduler_100hz	8	static
../platform/platform_scheduler.c:34:6:platform_scheduler_250hz	8	static
../platform/platform_scheduler.c:38:6:platform_scheduler_500hz	8	static
../platform/platform_scheduler.c:42:6:platform_scheduler_1khz	8	static
../platform/platform_scheduler.c:46:6:platform_scheduler_2khz	8	static
../platform/platform_scheduler.c:50:6:platform_scheduler_4khz	8	static
../platform/platform_scheduler.c:54:6:platform_scheduler_8khz	8	static
