../Core/Src/main.c:40:13:icm42688_spi_dma_done	16	static
../Core/Src/main.c:74:6:icm42688_start_read_spi_dma	24	static
../Core/Src/main.c:82:6:icm42688_parse_spi_data	24	static
../Core/Src/main.c:97:6:HAL_TIM_PeriodElapsedCallback	16	static
../Core/Src/main.c:134:5:main	8	static
../Core/Src/main.c:195:6:SystemClock_Config	120	static
../Core/Src/main.c:254:13:MX_I2C3_Init	8	static
../Core/Src/main.c:302:13:MX_SPI1_Init	8	static
../Core/Src/main.c:350:13:MX_TIM1_Init	40	static
../Core/Src/main.c:395:13:MX_DMA_Init	16	static
../Core/Src/main.c:416:13:MX_GPIO_Init	48	static
../Core/Src/main.c:450:6:MPU_Config	24	static
../Core/Src/main.c:481:6:Error_Handler	4	static,ignoring_inline_asm
