../Core/Src/main.c:76:6:HAL_SPI_TxRxCpltCallback	2
../Core/Src/main.c:85:6:HAL_TIM_PeriodElapsedCallback	3
../Core/Src/main.c:112:5:main	1
../Core/Src/main.c:174:6:SystemClock_Config	4
../Core/Src/main.c:233:13:MX_I2C3_Init	4
../Core/Src/main.c:281:13:MX_SPI1_Init	2
../Core/Src/main.c:329:13:MX_TIM1_Init	4
../Core/Src/main.c:376:13:MX_TIM2_Init	4
../Core/Src/main.c:419:13:MX_DMA_Init	1
../Core/Src/main.c:443:13:MX_GPIO_Init	1
../Core/Src/main.c:477:6:MPU_Config	1
../Core/Src/main.c:508:6:Error_Handler	1
