../Core/Src/main.c:86:6:HAL_SPI_TxRxCpltCallback	2
../Core/Src/main.c:95:6:HAL_TIM_PeriodElapsedCallback	3
../Core/Src/main.c:113:6:imu1_process	3
../Core/Src/main.c:138:5:main	2
../Core/Src/main.c:228:6:SystemClock_Config	4
../Core/Src/main.c:288:6:PeriphCommonClock_Config	2
../Core/Src/main.c:307:13:MX_I2C3_Init	4
../Core/Src/main.c:355:13:MX_SPI1_Init	2
../Core/Src/main.c:403:13:MX_TIM1_Init	4
../Core/Src/main.c:450:13:MX_TIM2_Init	4
../Core/Src/main.c:493:13:MX_DMA_Init	1
../Core/Src/main.c:517:13:MX_GPIO_Init	1
../Core/Src/main.c:551:6:MPU_Config	1
../Core/Src/main.c:582:6:Error_Handler	1
